// Jest Snapshot v1, https://goo.gl/fbAQLP

exports[`Onboarding.GetStarted renders correctly 1`] = `
<RNCSafeAreaProvider
  onInsetsChange={[Function]}
  style={
    Array [
      Object {
        "flex": 1,
      },
      undefined,
    ]
  }
>
  <View
    style={
      Object {
        "flex": 1,
      }
    }
  >
    <View
      style={
        Array [
          Object {
            "padding": 16,
          },
          Object {
            "backgroundColor": "#FFFFFF",
            "flex": 1,
            "justifyContent": "center",
          },
        ]
      }
    >
      <View
        style={
          Array [
            Object {
              "marginBottom": 32,
            },
            Object {
              "flexDirection": "row",
              "justifyContent": "center",
            },
          ]
        }
      >
        <AssetMock />
      </View>
      <View>
        <View>
          <Text
            style={
              Array [
                Object {
                  "fontSize": 30,
                },
                Object {
                  "color": "#383B62",
                  "fontFamily": "Open Sans",
                },
                Array [
                  Object {
                    "paddingHorizontal": 16,
                  },
                  Object {
                    "textAlign": "center",
                  },
                  Object {
                    "fontSize": 40,
                  },
                  Object {
                    "fontFamily": "Bold Open Sans",
                  },
                  Object {
                    "color": "#535AE4",
                    "textTransform": "uppercase",
                  },
                ],
              ]
            }
          >
            onboarding.getstarted.title
          </Text>
        </View>
        <View
          style={
            Array [
              Object {
                "marginTop": 9,
              },
            ]
          }
        >
          <Text
            style={
              Array [
                Object {
                  "fontSize": 30,
                },
                Object {
                  "color": "#383B62",
                  "fontFamily": "Open Sans",
                },
                Array [
                  Object {
                    "paddingHorizontal": 16,
                  },
                  Object {
                    "textAlign": "center",
                  },
                  Object {
                    "textAlignVertical": "bottom",
                  },
                  Object {
                    "fontFamily": "Italic Open Sans",
                  },
                ],
              ]
            }
          >
            onboarding.getstarted.desc
          </Text>
        </View>
        <View
          style={
            Object {
              "marginHorizontal": 60,
            }
          }
        >
          <View
            style={
              Array [
                Object {
                  "marginTop": 40,
                },
              ]
            }
          >
            <View
              accessible={true}
              collapsable={false}
              focusable={true}
              nativeID="animatedComponent"
              onClick={[Function]}
              onResponderGrant={[Function]}
              onResponderMove={[Function]}
              onResponderRelease={[Function]}
              onResponderTerminate={[Function]}
              onResponderTerminationRequest={[Function]}
              onStartShouldSetResponder={[Function]}
              style={
                Object {
                  "alignItems": "center",
                  "backgroundColor": "#535AE4",
                  "borderRadius": 8,
                  "flexDirection": "row",
                  "height": 44,
                  "justifyContent": "center",
                  "opacity": 1,
                }
              }
              testID="CreateAccountButton"
            >
              <Text
                style={
                  Array [
                    Object {
                      "fontSize": 30,
                    },
                    Object {
                      "color": "#383B62",
                      "fontFamily": "Open Sans",
                    },
                    Array [
                      Object {
                        "textTransform": "uppercase",
                      },
                      Object {
                        "color": "#F2F2F2",
                      },
                      Object {
                        "fontFamily": "Bold Open Sans",
                      },
                    ],
                  ]
                }
              >
                onboarding.getstarted.create-button
              </Text>
            </View>
          </View>
          <View
            style={
              Array [
                Object {
                  "marginTop": 9,
                },
              ]
            }
          >
            <View
              accessible={true}
              collapsable={false}
              focusable={true}
              nativeID="animatedComponent"
              onClick={[Function]}
              onResponderGrant={[Function]}
              onResponderMove={[Function]}
              onResponderRelease={[Function]}
              onResponderTerminate={[Function]}
              onResponderTerminationRequest={[Function]}
              onStartShouldSetResponder={[Function]}
              style={
                Object {
                  "alignItems": "center",
                  "backgroundColor": "#EAEAFB",
                  "borderRadius": 8,
                  "flexDirection": "row",
                  "height": 44,
                  "justifyContent": "center",
                  "opacity": 1,
                }
              }
            >
              <Text
                style={
                  Array [
                    Object {
                      "fontSize": 30,
                    },
                    Object {
                      "color": "#383B62",
                      "fontFamily": "Open Sans",
                    },
                    Array [
                      Object {
                        "textTransform": "uppercase",
                      },
                      Object {
                        "color": "#535AE4",
                      },
                      Object {
                        "fontFamily": "Bold Open Sans",
                      },
                    ],
                  ]
                }
              >
                onboarding.getstarted.import-button
              </Text>
            </View>
          </View>
        </View>
      </View>
    </View>
  </View>
</RNCSafeAreaProvider>
`;
