// Jest Snapshot v1, https://goo.gl/fbAQLP

exports[`Onboarding.SetupFinished renders correctly 1`] = `
<RNCSafeAreaProvider
  onInsetsChange={[Function]}
  style={
    Array [
      Object {
        "flex": 1,
      },
      undefined,
    ]
  }
>
  <View
    style={
      Object {
        "flex": 1,
      }
    }
  >
    <RNCSafeAreaView
      style={
        Array [
          Object {
            "backgroundColor": "#535AE4",
            "flex": 1,
          },
        ]
      }
    >
      <View
        style={
          Object {
            "flex": 4,
          }
        }
      >
        <LottieViewMock
          autoPlay={true}
          loop={true}
          sourceHash="gf+o5a1DtXJVVOo2h9zM8n3v/jyLcoJp+29qCqU6hsk="
          style={
            Object {
              "width": "100%",
            }
          }
        />
        <LottieViewMock
          autoPlay={true}
          loop={false}
          onAnimationFinish={[Function]}
          sourceHash="TU4dwA3nurW5Pwqlt8wgG+OkWoSYszr1N8katJ1tADY="
          speed={2}
        />
      </View>
      <View
        style={
          Object {
            "flex": 3,
          }
        }
      >
        <View>
          <Text
            style={
              Array [
                Object {
                  "fontSize": 30,
                },
                Object {
                  "color": "#383B62",
                  "fontFamily": "Open Sans",
                },
                Array [
                  Object {
                    "fontSize": 40,
                  },
                  Object {
                    "textAlign": "center",
                  },
                  Object {
                    "color": "#FFFFFF",
                  },
                ],
              ]
            }
          />
          <View
            style={
              Array [
                Object {
                  "borderRadius": 20,
                  "margin": 16,
                  "padding": 16,
                },
                Array [
                  Object {
                    "backgroundColor": "#F2F2F2",
                    "shadowColor": "#000000",
                  },
                ],
              ]
            }
          >
            <View
              style={
                Array [
                  Object {
                    "padding": 16,
                  },
                ]
              }
            >
              <Text
                style={
                  Array [
                    Object {
                      "fontSize": 30,
                    },
                    Object {
                      "color": "#383B62",
                      "fontFamily": "Open Sans",
                    },
                    Array [
                      Object {
                        "fontSize": 52,
                      },
                      Object {
                        "paddingTop": 16,
                      },
                      Object {
                        "textAlign": "center",
                      },
                      Object {
                        "fontFamily": "Bold Open Sans",
                      },
                      Object {
                        "color": "#535AE4",
                        "lineHeight": 25,
                      },
                    ],
                  ]
                }
              >
                onboarding.generate-key.title
              </Text>
              <Text
                style={
                  Array [
                    Object {
                      "fontSize": 30,
                    },
                    Object {
                      "color": "#383B62",
                      "fontFamily": "Open Sans",
                    },
                    Array [
                      Object {
                        "fontSize": 26,
                      },
                      Object {
                        "paddingVertical": 16,
                      },
                      Object {
                        "textAlign": "center",
                      },
                      Object {
                        "color": "#979797",
                      },
                    ],
                  ]
                }
              >
                onboarding.generate-key.desc
              </Text>
              <ActivityIndicator
                color="#979797"
                size="large"
              />
              <View
                style={
                  Array [
                    Object {
                      "marginHorizontal": 24,
                    },
                    Object {
                      "marginTop": 9,
                    },
                  ]
                }
              />
            </View>
          </View>
        </View>
      </View>
    </RNCSafeAreaView>
  </View>
</RNCSafeAreaProvider>
`;
