// Jest Snapshot v1, https://goo.gl/fbAQLP

exports[`Group.ChatSettingsMemberDetail renders correctly 1`] = `
<RNCSafeAreaProvider
  onInsetsChange={[Function]}
  style={
    Array [
      Object {
        "flex": 1,
      },
      undefined,
    ]
  }
>
  <View
    style={
      Object {
        "flex": 1,
      }
    }
  />
</RNCSafeAreaProvider>
`;
