// Jest Snapshot v1, https://goo.gl/fbAQLP

exports[`Settings.ContactAndConversations renders correctly 1`] = `
<RNCSafeAreaProvider
  onInsetsChange={[Function]}
  style={
    Array [
      Object {
        "flex": 1,
      },
      undefined,
    ]
  }
>
  <View
    style={
      Object {
        "flex": 1,
      }
    }
  >
    <View
      style={
        Object {
          "backgroundColor": "#EDEDED",
          "flex": 1,
        }
      }
    >
      <RCTScrollView
        bounces={false}
        contentContainerStyle={
          Object {
            "paddingBottom": 12,
          }
        }
        showsVerticalScrollIndicator={false}
      >
        <View>
          <View
            style={
              Array [
                Object {
                  "marginTop": 24,
                },
                Object {
                  "paddingHorizontal": 16,
                },
              ]
            }
          >
            <View
              style={
                Array [
                  Object {
                    "borderRadius": 16,
                  },
                  Object {
                    "backgroundColor": "#FFFFFF",
                    "flex": 1,
                  },
                ]
              }
            >
              <View
                accessible={true}
                collapsable={false}
                focusable={true}
                nativeID="animatedComponent"
                onClick={[Function]}
                onResponderGrant={[Function]}
                onResponderMove={[Function]}
                onResponderRelease={[Function]}
                onResponderTerminate={[Function]}
                onResponderTerminationRequest={[Function]}
                onStartShouldSetResponder={[Function]}
                style={
                  Object {
                    "alignItems": "center",
                    "flexDirection": "row",
                    "height": 55,
                    "justifyContent": "space-between",
                    "opacity": 0.3,
                    "paddingHorizontal": 16,
                    "paddingVertical": 16,
                  }
                }
              >
                <View
                  style={
                    Object {
                      "alignItems": "center",
                      "flexDirection": "row",
                    }
                  }
                >
                  <View
                    style={
                      Array [
                        Object {
                          "marginLeft": 9,
                        },
                        Object {
                          "alignItems": "center",
                          "flexDirection": "row",
                          "height": 55,
                        },
                      ]
                    }
                  >
                    <Text
                      style={
                        Array [
                          Object {
                            "fontSize": 30,
                          },
                          Object {
                            "color": "#383B62",
                            "fontFamily": "Open Sans",
                          },
                          undefined,
                        ]
                      }
                    >
                      settings.contact-convs.reset-button
                    </Text>
                  </View>
                </View>
                <View
                  accessible={true}
                  collapsable={false}
                  focusable={true}
                  nativeID="animatedComponent"
                  onClick={[Function]}
                  onResponderGrant={[Function]}
                  onResponderMove={[Function]}
                  onResponderRelease={[Function]}
                  onResponderTerminate={[Function]}
                  onResponderTerminationRequest={[Function]}
                  onStartShouldSetResponder={[Function]}
                  style={
                    Object {
                      "backgroundColor": "#EDF0F3",
                      "borderColor": "#535AE4",
                      "borderRadius": 30,
                      "borderWidth": 1,
                      "height": 27,
                      "opacity": 1,
                      "width": 50,
                    }
                  }
                >
                  <View
                    collapsable={false}
                    nativeID="animatedComponent"
                    style={
                      Object {
                        "alignItems": "center",
                        "backgroundColor": "white",
                        "borderRadius": 30,
                        "height": 25,
                        "justifyContent": "center",
                        "left": 0,
                        "position": "absolute",
                        "width": 25,
                      }
                    }
                  >
                    <View
                      collapsable={false}
                      nativeID="animatedComponent"
                      style={
                        Object {
                          "opacity": 0,
                        }
                      }
                    >
                      <View
                        collapsable={false}
                        nativeID="animatedComponent"
                        style={
                          Object {
                            "transform": Array [
                              Object {
                                "scale": 1,
                              },
                            ],
                          }
                        }
                      >
                        <RNSVGMock
                          fill="#535AE4"
                          height={18}
                          viewBox="0 0 24 24"
                          width={18}
                        />
                      </View>
                    </View>
                  </View>
                </View>
              </View>
              <View
                style={
                  Object {
                    "backgroundColor": "#EDEDED",
                    "flex": 1,
                    "height": 1,
                  }
                }
              />
              <View
                accessible={true}
                collapsable={false}
                focusable={true}
                nativeID="animatedComponent"
                onClick={[Function]}
                onResponderGrant={[Function]}
                onResponderMove={[Function]}
                onResponderRelease={[Function]}
                onResponderTerminate={[Function]}
                onResponderTerminationRequest={[Function]}
                onStartShouldSetResponder={[Function]}
                style={
                  Object {
                    "alignItems": "center",
                    "flexDirection": "row",
                    "height": 55,
                    "justifyContent": "space-between",
                    "opacity": 0.3,
                    "paddingHorizontal": 16,
                    "paddingVertical": 16,
                  }
                }
              >
                <View
                  style={
                    Object {
                      "alignItems": "center",
                      "flexDirection": "row",
                    }
                  }
                >
                  <View
                    style={
                      Array [
                        Object {
                          "marginLeft": 9,
                        },
                        Object {
                          "alignItems": "center",
                          "flexDirection": "row",
                          "height": 55,
                        },
                      ]
                    }
                  >
                    <Text
                      style={
                        Array [
                          Object {
                            "fontSize": 30,
                          },
                          Object {
                            "color": "#383B62",
                            "fontFamily": "Open Sans",
                          },
                          undefined,
                        ]
                      }
                    >
                      settings.contact-convs.request-button
                    </Text>
                  </View>
                </View>
                <View
                  collapsable={false}
                  nativeID="animatedComponent"
                  style={
                    Object {
                      "transform": Array [
                        Object {
                          "scale": 1,
                        },
                      ],
                    }
                  }
                >
                  <RNSVGMock
                    fill="#383B62"
                    height={20}
                    viewBox="0 0 24 24"
                    width={20}
                  />
                </View>
              </View>
            </View>
          </View>
          <View
            style={
              Array [
                Object {
                  "marginTop": 24,
                },
                Object {
                  "paddingHorizontal": 16,
                },
              ]
            }
          >
            <View
              style={
                Array [
                  Object {
                    "borderRadius": 16,
                  },
                  Object {
                    "backgroundColor": "#FFFFFF",
                    "flex": 1,
                  },
                ]
              }
            >
              <View
                accessible={true}
                collapsable={false}
                focusable={false}
                nativeID="animatedComponent"
                onClick={[Function]}
                onResponderGrant={[Function]}
                onResponderMove={[Function]}
                onResponderRelease={[Function]}
                onResponderTerminate={[Function]}
                onResponderTerminationRequest={[Function]}
                onStartShouldSetResponder={[Function]}
                style={
                  Object {
                    "alignItems": "center",
                    "flexDirection": "row",
                    "height": 55,
                    "justifyContent": "space-between",
                    "opacity": 1,
                    "paddingHorizontal": 16,
                    "paddingVertical": 16,
                  }
                }
              >
                <View
                  style={
                    Object {
                      "alignItems": "center",
                      "flexDirection": "row",
                    }
                  }
                >
                  <View
                    style={
                      Array [
                        Object {
                          "marginLeft": 9,
                        },
                        Object {
                          "alignItems": "center",
                          "flexDirection": "row",
                          "height": 55,
                        },
                      ]
                    }
                  >
                    <Text
                      style={
                        Array [
                          Object {
                            "fontSize": 30,
                          },
                          Object {
                            "color": "#383B62",
                            "fontFamily": "Open Sans",
                          },
                          undefined,
                        ]
                      }
                    >
                      Find contacts
                    </Text>
                  </View>
                </View>
                <View
                  collapsable={false}
                  nativeID="animatedComponent"
                  style={
                    Object {
                      "transform": Array [
                        Object {
                          "scale": 1,
                        },
                      ],
                    }
                  }
                >
                  <RNSVGMock
                    fill="#383B62"
                    height={20}
                    viewBox="0 0 24 24"
                    width={20}
                  />
                </View>
              </View>
            </View>
          </View>
          <View
            style={
              Array [
                Object {
                  "marginTop": 24,
                },
                Object {
                  "paddingHorizontal": 16,
                },
              ]
            }
          >
            <View
              style={
                Array [
                  Object {
                    "borderRadius": 16,
                  },
                  Object {
                    "backgroundColor": "#FFFFFF",
                    "flex": 1,
                  },
                ]
              }
            >
              <View
                accessible={true}
                collapsable={false}
                focusable={true}
                nativeID="animatedComponent"
                onClick={[Function]}
                onResponderGrant={[Function]}
                onResponderMove={[Function]}
                onResponderRelease={[Function]}
                onResponderTerminate={[Function]}
                onResponderTerminationRequest={[Function]}
                onStartShouldSetResponder={[Function]}
                style={
                  Object {
                    "alignItems": "center",
                    "flexDirection": "row",
                    "height": 55,
                    "justifyContent": "space-between",
                    "opacity": 0.3,
                    "paddingHorizontal": 16,
                    "paddingVertical": 16,
                  }
                }
              >
                <View
                  style={
                    Object {
                      "alignItems": "center",
                      "flexDirection": "row",
                    }
                  }
                >
                  <View
                    style={
                      Array [
                        Object {
                          "marginLeft": 9,
                        },
                        Object {
                          "alignItems": "center",
                          "flexDirection": "row",
                          "height": 55,
                        },
                      ]
                    }
                  >
                    <Text
                      style={
                        Array [
                          Object {
                            "fontSize": 30,
                          },
                          Object {
                            "color": "#383B62",
                            "fontFamily": "Open Sans",
                          },
                          undefined,
                        ]
                      }
                    >
                      Store conversations on Berty nodes
                    </Text>
                  </View>
                </View>
                <View
                  collapsable={false}
                  nativeID="animatedComponent"
                  style={
                    Object {
                      "transform": Array [
                        Object {
                          "scale": 1,
                        },
                      ],
                    }
                  }
                >
                  <RNSVGMock
                    fill="#383B62"
                    height={20}
                    viewBox="0 0 24 24"
                    width={20}
                  />
                </View>
              </View>
              <View
                style={
                  Object {
                    "backgroundColor": "#EDEDED",
                    "flex": 1,
                    "height": 1,
                  }
                }
              />
              <View
                accessible={true}
                collapsable={false}
                focusable={true}
                nativeID="animatedComponent"
                onClick={[Function]}
                onResponderGrant={[Function]}
                onResponderMove={[Function]}
                onResponderRelease={[Function]}
                onResponderTerminate={[Function]}
                onResponderTerminationRequest={[Function]}
                onStartShouldSetResponder={[Function]}
                style={
                  Object {
                    "alignItems": "center",
                    "flexDirection": "row",
                    "height": 55,
                    "justifyContent": "space-between",
                    "opacity": 0.3,
                    "paddingHorizontal": 16,
                    "paddingVertical": 16,
                  }
                }
              >
                <View
                  style={
                    Object {
                      "alignItems": "center",
                      "flexDirection": "row",
                    }
                  }
                >
                  <View
                    style={
                      Array [
                        Object {
                          "marginLeft": 9,
                        },
                        Object {
                          "alignItems": "center",
                          "flexDirection": "row",
                          "height": 55,
                        },
                      ]
                    }
                  >
                    <Text
                      style={
                        Array [
                          Object {
                            "fontSize": 30,
                          },
                          Object {
                            "color": "#383B62",
                            "fontFamily": "Open Sans",
                          },
                          undefined,
                        ]
                      }
                    >
                      List of replication provider
                    </Text>
                  </View>
                </View>
                <View
                  collapsable={false}
                  nativeID="animatedComponent"
                  style={
                    Object {
                      "transform": Array [
                        Object {
                          "scale": 1,
                        },
                      ],
                    }
                  }
                >
                  <RNSVGMock
                    fill="#383B62"
                    height={20}
                    viewBox="0 0 24 24"
                    width={20}
                  />
                </View>
              </View>
              <View
                style={
                  Object {
                    "backgroundColor": "#EDEDED",
                    "flex": 1,
                    "height": 1,
                  }
                }
              />
              <View
                accessible={true}
                collapsable={false}
                focusable={true}
                nativeID="animatedComponent"
                onClick={[Function]}
                onResponderGrant={[Function]}
                onResponderMove={[Function]}
                onResponderRelease={[Function]}
                onResponderTerminate={[Function]}
                onResponderTerminationRequest={[Function]}
                onStartShouldSetResponder={[Function]}
                style={
                  Object {
                    "alignItems": "center",
                    "flexDirection": "row",
                    "height": 55,
                    "justifyContent": "space-between",
                    "opacity": 0.3,
                    "paddingHorizontal": 16,
                    "paddingVertical": 16,
                  }
                }
              >
                <View
                  style={
                    Object {
                      "alignItems": "center",
                      "flexDirection": "row",
                    }
                  }
                >
                  <View
                    style={
                      Array [
                        Object {
                          "marginLeft": 9,
                        },
                        Object {
                          "alignItems": "center",
                          "flexDirection": "row",
                          "height": 55,
                        },
                      ]
                    }
                  >
                    <Text
                      style={
                        Array [
                          Object {
                            "fontSize": 30,
                          },
                          Object {
                            "color": "#383B62",
                            "fontFamily": "Open Sans",
                          },
                          undefined,
                        ]
                      }
                    >
                      Replicate conversations automatically
                    </Text>
                  </View>
                </View>
                <View
                  collapsable={false}
                  nativeID="animatedComponent"
                  style={
                    Object {
                      "transform": Array [
                        Object {
                          "scale": 1,
                        },
                      ],
                    }
                  }
                >
                  <RNSVGMock
                    fill="#383B62"
                    height={20}
                    viewBox="0 0 24 24"
                    width={20}
                  />
                </View>
              </View>
            </View>
          </View>
          <View
            style={
              Array [
                Object {
                  "marginTop": 24,
                },
                Object {
                  "paddingHorizontal": 16,
                },
              ]
            }
          >
            <View
              style={
                Array [
                  Object {
                    "borderRadius": 16,
                  },
                  Object {
                    "backgroundColor": "#FFFFFF",
                    "flex": 1,
                  },
                ]
              }
            >
              <View
                accessible={true}
                collapsable={false}
                focusable={true}
                nativeID="animatedComponent"
                onClick={[Function]}
                onResponderGrant={[Function]}
                onResponderMove={[Function]}
                onResponderRelease={[Function]}
                onResponderTerminate={[Function]}
                onResponderTerminationRequest={[Function]}
                onStartShouldSetResponder={[Function]}
                style={
                  Object {
                    "alignItems": "center",
                    "flexDirection": "row",
                    "height": 55,
                    "justifyContent": "space-between",
                    "opacity": 1,
                    "paddingHorizontal": 16,
                    "paddingVertical": 16,
                  }
                }
              >
                <View
                  style={
                    Object {
                      "alignItems": "center",
                      "flexDirection": "row",
                    }
                  }
                >
                  <View
                    style={
                      Array [
                        Object {
                          "marginLeft": 9,
                        },
                        Object {
                          "alignItems": "center",
                          "flexDirection": "row",
                          "height": 55,
                        },
                      ]
                    }
                  >
                    <Text
                      style={
                        Array [
                          Object {
                            "fontSize": 30,
                          },
                          Object {
                            "color": "#383B62",
                            "fontFamily": "Open Sans",
                          },
                          undefined,
                        ]
                      }
                    >
                      Export my conversations
                    </Text>
                  </View>
                </View>
                <View
                  collapsable={false}
                  nativeID="animatedComponent"
                  style={
                    Object {
                      "transform": Array [
                        Object {
                          "scale": 1,
                        },
                      ],
                    }
                  }
                >
                  <RNSVGMock
                    fill="#383B62"
                    height={20}
                    viewBox="0 0 24 24"
                    width={20}
                  />
                </View>
              </View>
            </View>
          </View>
          <View
            style={
              Array [
                Object {
                  "marginTop": 24,
                },
                Object {
                  "paddingHorizontal": 16,
                },
              ]
            }
          >
            <View
              style={
                Array [
                  Object {
                    "borderRadius": 16,
                  },
                  Object {
                    "backgroundColor": "#FFFFFF",
                    "flex": 1,
                  },
                ]
              }
            >
              <View
                accessible={true}
                collapsable={false}
                focusable={false}
                nativeID="animatedComponent"
                onClick={[Function]}
                onResponderGrant={[Function]}
                onResponderMove={[Function]}
                onResponderRelease={[Function]}
                onResponderTerminate={[Function]}
                onResponderTerminationRequest={[Function]}
                onStartShouldSetResponder={[Function]}
                style={
                  Object {
                    "alignItems": "center",
                    "flexDirection": "row",
                    "height": 55,
                    "justifyContent": "space-between",
                    "opacity": 1,
                    "paddingHorizontal": 16,
                    "paddingVertical": 16,
                  }
                }
              >
                <View
                  style={
                    Object {
                      "alignItems": "center",
                      "flexDirection": "row",
                    }
                  }
                >
                  <View
                    style={
                      Array [
                        Object {
                          "marginLeft": 9,
                        },
                        Object {
                          "alignItems": "center",
                          "flexDirection": "row",
                          "height": 55,
                        },
                      ]
                    }
                  >
                    <Text
                      style={
                        Array [
                          Object {
                            "fontSize": 30,
                          },
                          Object {
                            "color": "#383B62",
                            "fontFamily": "Open Sans",
                          },
                          undefined,
                        ]
                      }
                    >
                      Archived conversations
                    </Text>
                  </View>
                </View>
                <View
                  collapsable={false}
                  nativeID="animatedComponent"
                  style={
                    Object {
                      "transform": Array [
                        Object {
                          "scale": 1,
                        },
                      ],
                    }
                  }
                >
                  <RNSVGMock
                    fill="#383B62"
                    height={20}
                    viewBox="0 0 24 24"
                    width={20}
                  />
                </View>
              </View>
              <View
                style={
                  Object {
                    "backgroundColor": "#EDEDED",
                    "flex": 1,
                    "height": 1,
                  }
                }
              />
              <View
                accessible={true}
                collapsable={false}
                focusable={false}
                nativeID="animatedComponent"
                onClick={[Function]}
                onResponderGrant={[Function]}
                onResponderMove={[Function]}
                onResponderRelease={[Function]}
                onResponderTerminate={[Function]}
                onResponderTerminationRequest={[Function]}
                onStartShouldSetResponder={[Function]}
                style={
                  Object {
                    "alignItems": "center",
                    "flexDirection": "row",
                    "height": 55,
                    "justifyContent": "space-between",
                    "opacity": 1,
                    "paddingHorizontal": 16,
                    "paddingVertical": 16,
                  }
                }
              >
                <View
                  style={
                    Object {
                      "alignItems": "center",
                      "flexDirection": "row",
                    }
                  }
                >
                  <View
                    style={
                      Array [
                        Object {
                          "marginLeft": 9,
                        },
                        Object {
                          "alignItems": "center",
                          "flexDirection": "row",
                          "height": 55,
                        },
                      ]
                    }
                  >
                    <Text
                      style={
                        Array [
                          Object {
                            "fontSize": 30,
                          },
                          Object {
                            "color": "#383B62",
                            "fontFamily": "Open Sans",
                          },
                          undefined,
                        ]
                      }
                    >
                      Blocked contacts
                    </Text>
                  </View>
                </View>
                <View
                  collapsable={false}
                  nativeID="animatedComponent"
                  style={
                    Object {
                      "transform": Array [
                        Object {
                          "scale": 1,
                        },
                      ],
                    }
                  }
                >
                  <RNSVGMock
                    fill="#383B62"
                    height={20}
                    viewBox="0 0 24 24"
                    width={20}
                  />
                </View>
              </View>
            </View>
          </View>
        </View>
      </RCTScrollView>
    </View>
  </View>
</RNCSafeAreaProvider>
`;
