// Jest Snapshot v1, https://goo.gl/fbAQLP

exports[`Settings.Notifications renders correctly 1`] = `
<RNCSafeAreaProvider
  onInsetsChange={[Function]}
  style={
    Array [
      Object {
        "flex": 1,
      },
      undefined,
    ]
  }
>
  <View
    style={
      Object {
        "flex": 1,
      }
    }
  >
    <View
      style={
        Object {
          "backgroundColor": "#EDEDED",
          "flex": 1,
        }
      }
    >
      <RCTScrollView
        bounces={false}
        contentContainerStyle={
          Object {
            "paddingBottom": 12,
          }
        }
        showsVerticalScrollIndicator={false}
      >
        <View>
          <View
            style={
              Array [
                Object {
                  "marginTop": 24,
                },
                Object {
                  "marginHorizontal": 16,
                },
                Object {
                  "backgroundColor": "white",
                  "borderRadius": 14,
                },
              ]
            }
          >
            <View
              accessible={true}
              focusable={true}
              onClick={[Function]}
              onResponderGrant={[Function]}
              onResponderMove={[Function]}
              onResponderRelease={[Function]}
              onResponderTerminate={[Function]}
              onResponderTerminationRequest={[Function]}
              onStartShouldSetResponder={[Function]}
              style={
                Object {
                  "alignItems": "center",
                  "flexDirection": "row",
                  "height": 48,
                  "justifyContent": "space-between",
                  "opacity": 1,
                  "padding": 12,
                }
              }
            >
              <View
                style={
                  Object {
                    "flexShrink": 1,
                    "width": "90%",
                  }
                }
              >
                <Text
                  numberOfLines={1}
                  style={
                    Array [
                      Object {
                        "fontSize": 30,
                      },
                      Object {
                        "color": "#383B62",
                        "fontFamily": "Open Sans",
                      },
                      Array [
                        Object {
                          "marginLeft": 9,
                        },
                      ],
                    ]
                  }
                >
                  chat.push-notifications.receive-push
                </Text>
              </View>
              <View
                accessible={true}
                focusable={true}
                onClick={[Function]}
                onResponderGrant={[Function]}
                onResponderMove={[Function]}
                onResponderRelease={[Function]}
                onResponderTerminate={[Function]}
                onResponderTerminationRequest={[Function]}
                onStartShouldSetResponder={[Function]}
                style={
                  Object {
                    "backgroundColor": "#EDF0F3",
                    "borderColor": "#535AE4",
                    "borderRadius": 30,
                    "borderWidth": 1,
                    "height": 27,
                    "opacity": 1,
                    "width": 50,
                  }
                }
              >
                <View
                  style={
                    Object {
                      "alignItems": "center",
                      "backgroundColor": "white",
                      "borderRadius": 30,
                      "height": 25,
                      "justifyContent": "center",
                      "left": 0,
                      "position": "absolute",
                      "width": 25,
                    }
                  }
                >
                  <View
                    style={
                      Object {
                        "opacity": 0,
                      }
                    }
                  >
                    <View
                      style={
                        Object {
                          "transform": Array [
                            Object {
                              "scale": 1,
                            },
                          ],
                        }
                      }
                    >
                      <RNSVGMock
                        fill="#535AE4"
                        height={18}
                        viewBox="0 0 24 24"
                        width={18}
                      />
                    </View>
                  </View>
                </View>
              </View>
            </View>
          </View>
          <View
            style={
              Array [
                Object {
                  "marginTop": 24,
                },
                Object {
                  "marginHorizontal": 16,
                },
                Object {
                  "backgroundColor": "white",
                  "borderRadius": 14,
                },
              ]
            }
          >
            <View
              accessible={true}
              focusable={true}
              onClick={[Function]}
              onResponderGrant={[Function]}
              onResponderMove={[Function]}
              onResponderRelease={[Function]}
              onResponderTerminate={[Function]}
              onResponderTerminationRequest={[Function]}
              onStartShouldSetResponder={[Function]}
              style={
                Object {
                  "alignItems": "center",
                  "flexDirection": "row",
                  "height": 48,
                  "justifyContent": "space-between",
                  "opacity": 1,
                  "padding": 12,
                }
              }
            >
              <View
                style={
                  Object {
                    "flexShrink": 1,
                    "width": "90%",
                  }
                }
              >
                <Text
                  numberOfLines={1}
                  style={
                    Array [
                      Object {
                        "fontSize": 30,
                      },
                      Object {
                        "color": "#383B62",
                        "fontFamily": "Open Sans",
                      },
                      Array [
                        Object {
                          "marginLeft": 9,
                        },
                      ],
                    ]
                  }
                >
                  chat.push-notifications.show-in-app
                </Text>
              </View>
              <View
                accessible={true}
                focusable={true}
                onClick={[Function]}
                onResponderGrant={[Function]}
                onResponderMove={[Function]}
                onResponderRelease={[Function]}
                onResponderTerminate={[Function]}
                onResponderTerminationRequest={[Function]}
                onStartShouldSetResponder={[Function]}
                style={
                  Object {
                    "backgroundColor": "#535AE4",
                    "borderColor": "#535AE4",
                    "borderRadius": 30,
                    "borderWidth": 1,
                    "height": 27,
                    "opacity": 1,
                    "width": 50,
                  }
                }
              >
                <View
                  style={
                    Object {
                      "alignItems": "center",
                      "backgroundColor": "white",
                      "borderRadius": 30,
                      "height": 25,
                      "justifyContent": "center",
                      "left": 23,
                      "position": "absolute",
                      "width": 25,
                    }
                  }
                >
                  <View
                    style={
                      Object {
                        "opacity": 1,
                      }
                    }
                  >
                    <View
                      style={
                        Object {
                          "transform": Array [
                            Object {
                              "scale": 1,
                            },
                          ],
                        }
                      }
                    >
                      <RNSVGMock
                        fill="#535AE4"
                        height={18}
                        viewBox="0 0 24 24"
                        width={18}
                      />
                    </View>
                  </View>
                </View>
              </View>
            </View>
          </View>
        </View>
      </RCTScrollView>
    </View>
  </View>
</RNCSafeAreaProvider>
`;
