// Jest Snapshot v1, https://goo.gl/fbAQLP

exports[`AudioMessage renders correctly 1`] = `
<RNCSafeAreaProvider
  onInsetsChange={[Function]}
  style={
    Array [
      Object {
        "flex": 1,
      },
      undefined,
    ]
  }
>
  <View
    style={
      Object {
        "flex": 1,
      }
    }
  >
    <View
      accessible={true}
      focusable={false}
      onClick={[Function]}
      onResponderGrant={[Function]}
      onResponderMove={[Function]}
      onResponderRelease={[Function]}
      onResponderTerminate={[Function]}
      onResponderTerminationRequest={[Function]}
      onStartShouldSetResponder={[Function]}
      style={
        Object {
          "alignItems": "center",
          "opacity": 1,
        }
      }
    >
      <View
        style={
          Array [
            Object {
              "alignItems": "center",
              "backgroundColor": "#F7F8FF",
              "flexDirection": "row",
              "height": 50,
              "justifyContent": "center",
              "maxWidth": 400,
              "width": 650,
            },
            Object {
              "borderRadius": 9,
            },
            false,
          ]
        }
      >
        <View
          accessible={true}
          focusable={true}
          onClick={[Function]}
          onResponderGrant={[Function]}
          onResponderMove={[Function]}
          onResponderRelease={[Function]}
          onResponderTerminate={[Function]}
          onResponderTerminationRequest={[Function]}
          onStartShouldSetResponder={[Function]}
          style={
            Object {
              "alignItems": "center",
              "alignSelf": "center",
              "borderRadius": 9,
              "justifyContent": "center",
              "margin": 4,
              "opacity": 1,
              "paddingLeft": 10,
              "paddingTop": 4,
            }
          }
        >
          <View
            style={
              Object {
                "transform": Array [
                  Object {
                    "scale": 1,
                  },
                ],
              }
            }
          >
            <SvgMock
              color="#525BEC"
              height={26}
              style={Array []}
              width={26}
            />
          </View>
        </View>
        <View
          style={
            Object {
              "flex": 1,
            }
          }
        >
          <Text
            appearance="default"
            category="p1"
            numberOfLines={1}
            style={
              Array [
                Object {
                  "color": "#222B45",
                  "fontFamily": "Open Sans",
                  "fontSize": 15,
                  "fontWeight": "600",
                },
                Object {
                  "color": "#525BEC",
                },
              ]
            }
          />
        </View>
      </View>
    </View>
  </View>
</RNCSafeAreaProvider>
`;
