// Jest Snapshot v1, https://goo.gl/fbAQLP

exports[`Chat.MultiMemberQR renders correctly 1`] = `
<RNCSafeAreaProvider
  onInsetsChange={[Function]}
  style={
    Array [
      Object {
        "flex": 1,
      },
      undefined,
    ]
  }
>
  <View
    style={
      Object {
        "flex": 1,
      }
    }
  >
    <View
      appearance="default"
      level="1"
      style={
        Array [
          Object {
            "backgroundColor": "#FFFFFF",
          },
          Array [
            Object {
              "backgroundColor": "transparent",
              "flex": 1,
            },
          ],
        ]
      }
    >
      <View
        style={
          Array [
            Object {
              "padding": 16,
            },
            Object {
              "backgroundColor": "#535AE4",
              "flexBasis": "100%",
              "flexGrow": 2,
              "paddingTop": 16,
            },
          ]
        }
      >
        <View
          style={
            Array [
              Object {
                "borderRadius": 30,
              },
              Object {
                "marginHorizontal": 16,
              },
              Object {
                "paddingTop": 24,
              },
              Object {
                "backgroundColor": "#FFFFFF",
                "top": 70,
              },
              Object {
                "paddingBottom": 40,
              },
            ]
          }
        >
          <View
            style={
              Array [
                Object {
                  "top": -70,
                },
              ]
            }
          >
            <View
              style={
                Array [
                  Object {
                    "shadowOffset": Object {
                      "height": 4,
                      "width": 0,
                    },
                    "shadowOpacity": 0.2,
                    "shadowRadius": 8,
                  },
                  Object {
                    "alignItems": "center",
                    "justifyContent": "center",
                    "marginBottom": 20,
                    "shadowColor": "#000000",
                  },
                ]
              }
            >
              <View
                style={
                  Object {
                    "zIndex": -1,
                  }
                }
              >
                <View
                  style={
                    Array [
                      undefined,
                      Object {
                        "alignItems": "center",
                        "backgroundColor": "#FFFFFF",
                        "borderRadius": 40,
                        "height": 80,
                        "justifyContent": "center",
                        "width": 80,
                      },
                    ]
                  }
                >
                  <View
                    style={
                      Object {
                        "alignItems": "center",
                        "justifyContent": "center",
                      }
                    }
                  >
                    <View
                      style={
                        Array [
                          undefined,
                          Object {
                            "alignItems": "center",
                            "backgroundColor": "#afbe4f",
                            "borderRadius": 40,
                            "height": 80,
                            "justifyContent": "center",
                            "width": 80,
                          },
                        ]
                      }
                    >
                      <Text
                        adjustsFontSizeToFit={true}
                        style={
                          Array [
                            Object {
                              "fontSize": 30,
                            },
                            Object {
                              "color": "#383B62",
                              "fontFamily": "Open Sans",
                            },
                            Object {
                              "color": "#FFFFFF",
                              "fontSize": 40,
                              "includeFontPadding": false,
                              "paddingBottom": 4,
                              "textAlign": "center",
                            },
                          ]
                        }
                      >
                        V
                      </Text>
                    </View>
                  </View>
                </View>
              </View>
            </View>
            <Text
              style={
                Array [
                  Object {
                    "fontSize": 30,
                  },
                  Object {
                    "color": "#383B62",
                    "fontFamily": "Open Sans",
                  },
                  Array [
                    Object {
                      "fontFamily": "Light Open Sans",
                    },
                    Object {
                      "textAlign": "center",
                    },
                    Object {
                      "fontSize": 40,
                    },
                  ],
                ]
              }
            >
              Voluptate quia recusandae qui doloribus.
            </Text>
          </View>
          <View
            style={
              Array [
                Object {
                  "paddingHorizontal": 32,
                },
                Object {
                  "top": -30,
                },
              ]
            }
          >
            <View
              style={
                Array [
                  Object {
                    "alignSelf": "center",
                  },
                ]
              }
            >
              <QRCodeMock
                backgroundColor="#FFFFFF"
                color="#535AE4"
                logo="AssetMock"
                mode="circle"
                size={463.75}
                value="https://berty.tech/mock#group/3261ebb9-0dc2-4dcc-bc2d-22d3aa8e55e9/name=Voluptate quia recusandae qui doloribus."
              />
            </View>
          </View>
        </View>
        <View
          accessible={true}
          collapsable={false}
          focusable={true}
          nativeID="animatedComponent"
          onClick={[Function]}
          onResponderGrant={[Function]}
          onResponderMove={[Function]}
          onResponderRelease={[Function]}
          onResponderTerminate={[Function]}
          onResponderTerminationRequest={[Function]}
          onStartShouldSetResponder={[Function]}
          style={
            Object {
              "alignSelf": "flex-end",
              "backgroundColor": "#CED2FF",
              "borderRadius": 30,
              "bottom": 30,
              "height": 60,
              "marginRight": 60,
              "opacity": 1,
              "shadowColor": "#000000",
              "shadowOffset": Object {
                "height": 1,
                "width": 0,
              },
              "shadowOpacity": 0.2,
              "shadowRadius": 2,
              "top": 45,
              "width": 60,
            }
          }
        >
          <View
            style={
              Array [
                Object {
                  "flex": 1,
                },
                Object {
                  "justifyContent": "center",
                },
              ]
            }
          >
            <View
              collapsable={false}
              nativeID="animatedComponent"
              style={
                Object {
                  "transform": Array [
                    Object {
                      "scale": 1,
                    },
                  ],
                }
              }
            >
              <AssetMock
                color="#535AE4"
                height={26}
                style={
                  Object {
                    "alignSelf": "center",
                  }
                }
                width={26}
              />
            </View>
          </View>
        </View>
      </View>
    </View>
  </View>
</RNCSafeAreaProvider>
`;
