// Jest Snapshot v1, https://goo.gl/fbAQLP

exports[`ManageDeepLink modal renders correctly 1`] = `
<RNCSafeAreaProvider
  onInsetsChange={[Function]}
  style={
    Array [
      Object {
        "flex": 1,
      },
      undefined,
    ]
  }
>
  <View
    style={
      Object {
        "flex": 1,
      }
    }
  >
    <BlurView
      blurAmount={10}
      blurType="light"
      style={
        Array [
          Object {
            "backgroundColor": "transparent",
          },
          Array [
            Object {
              "bottom": 0,
              "left": 0,
              "position": "absolute",
              "right": 0,
              "top": 0,
            },
          ],
        ]
      }
    />
    <RNCSafeAreaView
      style={
        Array [
          Object {
            "shadowOffset": Object {
              "height": 6.5,
              "width": 0,
            },
            "shadowOpacity": 0.2,
            "shadowRadius": 13,
          },
          Object {
            "shadowColor": "#000000",
          },
        ]
      }
    >
      <ActivityIndicator
        animating={true}
        color="#999999"
        hidesWhenStopped={true}
        size="large"
      />
    </RNCSafeAreaView>
  </View>
</RNCSafeAreaProvider>
`;
