// Jest Snapshot v1, https://goo.gl/fbAQLP

exports[`ThemeColorName modal renders correctly 1`] = `
<RNCSafeAreaProvider
  onInsetsChange={[Function]}
  style={
    Array [
      Object {
        "flex": 1,
      },
      undefined,
    ]
  }
>
  <View
    style={
      Object {
        "flex": 1,
      }
    }
  >
    <View
      style={
        Array [
          Object {
            "bottom": 0,
            "left": 0,
            "position": "absolute",
            "right": 0,
            "top": 0,
          },
          Object {
            "elevation": 6,
            "zIndex": 6,
          },
        ]
      }
    >
      <View
        accessible={true}
        focusable={true}
        onClick={[Function]}
        onResponderGrant={[Function]}
        onResponderMove={[Function]}
        onResponderRelease={[Function]}
        onResponderTerminate={[Function]}
        onResponderTerminationRequest={[Function]}
        onStartShouldSetResponder={[Function]}
        style={
          Object {
            "bottom": 0,
            "height": 1334,
            "left": 0,
            "opacity": 1,
            "position": "absolute",
            "right": 0,
            "top": 0,
          }
        }
      >
        <BlurView
          blurAmount={10}
          blurType="light"
          style={
            Array [
              Object {
                "backgroundColor": "transparent",
              },
              Array [
                Object {
                  "bottom": 0,
                  "left": 0,
                  "position": "absolute",
                  "right": 0,
                  "top": 0,
                },
              ],
            ]
          }
        />
      </View>
      <View
        style={
          Array [
            Object {
              "alignItems": "center",
              "height": 250,
              "justifyContent": "center",
              "top": "25%",
            },
            Object {
              "margin": 32,
            },
          ]
        }
      >
        <View
          style={
            Array [
              Object {
                "alignItems": "center",
                "backgroundColor": "#FFFFFF",
                "elevation": 7,
                "height": 110,
                "justifyContent": "center",
                "position": "relative",
                "shadowColor": "#000000",
                "shadowOffset": Object {
                  "height": 3,
                  "width": 0,
                },
                "shadowOpacity": 0.1,
                "shadowRadius": 5,
                "top": 50,
                "width": 110,
                "zIndex": 1,
              },
              Object {
                "borderRadius": 60,
              },
            ]
          }
        >
          <SvgMock
            height={125}
            width={125}
          />
        </View>
        <View
          style={
            Array [
              Object {
                "paddingHorizontal": 16,
              },
              Object {
                "paddingBottom": 16,
              },
              Object {
                "borderRadius": 24,
              },
              Object {
                "shadowOffset": Object {
                  "height": 6.5,
                  "width": 0,
                },
                "shadowOpacity": 0.2,
                "shadowRadius": 13,
              },
              Object {
                "backgroundColor": "#FFFFFF",
                "shadowColor": "#000000",
              },
            ]
          }
        >
          <View
            style={
              Array [
                Object {
                  "marginTop": 70,
                },
              ]
            }
          >
            <Text
              style={
                Array [
                  Object {
                    "textAlign": "center",
                  },
                  Object {
                    "paddingTop": 9,
                  },
                  Object {
                    "fontSize": 38,
                  },
                  Object {
                    "fontWeight": "bold",
                  },
                  Object {
                    "color": "#383B62",
                    "fontFamily": "Open Sans",
                  },
                ]
              }
            >
              ðŸŽ¨ modals.save-theme.title
            </Text>
            <View
              style={
                Array [
                  Object {
                    "paddingTop": 20,
                  },
                  Object {
                    "paddingHorizontal": 16,
                  },
                  Object {
                    "flexDirection": "column",
                  },
                ]
              }
            >
              <View>
                <Text
                  style={
                    Array [
                      Object {
                        "fontWeight": "500",
                      },
                      Object {
                        "fontSize": 30,
                      },
                      Object {
                        "color": "#383B62",
                        "fontFamily": "Open Sans",
                      },
                    ]
                  }
                >
                  modals.save-theme.desc
                </Text>
              </View>
              <View
                style={
                  Array [
                    Object {
                      "borderRadius": 16,
                    },
                    Object {
                      "paddingLeft": 9,
                    },
                    Object {
                      "marginTop": 16,
                    },
                    Object {
                      "backgroundColor": "#F7F8FF",
                    },
                  ]
                }
              >
                <TextInput
                  allowFontScaling={true}
                  multiline={true}
                  onChange={[Function]}
                  placeholder="modals.save-theme.placeholder"
                  placeholderTextColor="#979797"
                  rejectResponderTermination={true}
                  style={
                    Array [
                      Object {
                        "fontWeight": "500",
                      },
                      Object {
                        "color": "#525BEC",
                        "fontFamily": "Open Sans",
                        "paddingRight": 12,
                      },
                    ]
                  }
                  underlineColorAndroid="transparent"
                  value=""
                />
              </View>
            </View>
          </View>
          <View
            style={
              Array [
                Object {
                  "alignItems": "stretch",
                  "flexDirection": "row",
                  "justifyContent": "space-evenly",
                },
                Object {
                  "marginTop": 9,
                },
              ]
            }
          >
            <View
              accessible={true}
              focusable={true}
              onClick={[Function]}
              onResponderGrant={[Function]}
              onResponderMove={[Function]}
              onResponderRelease={[Function]}
              onResponderTerminate={[Function]}
              onResponderTerminationRequest={[Function]}
              onStartShouldSetResponder={[Function]}
              style={
                Object {
                  "alignItems": "center",
                  "borderColor": "#A5A7C5",
                  "borderRadius": 9,
                  "borderWidth": 2,
                  "flexDirection": "row",
                  "justifyContent": "center",
                  "marginBottom": 16,
                  "marginTop": 15,
                  "opacity": 0.5,
                  "paddingBottom": 9,
                  "paddingLeft": 9,
                  "paddingRight": 16,
                  "paddingTop": 9,
                  "width": 120,
                }
              }
            >
              <View
                style={
                  Object {
                    "transform": Array [
                      Object {
                        "scale": 1,
                      },
                    ],
                  }
                }
              >
                <RNSVGSvgView
                  align="xMidYMid"
                  bbHeight={30}
                  bbWidth={30}
                  fill="#A5A7C5"
                  focusable={false}
                  height={30}
                  meetOrSlice={0}
                  minX={0}
                  minY={0}
                  style={
                    Array [
                      Object {
                        "backgroundColor": "transparent",
                        "borderWidth": 0,
                      },
                      Object {
                        "alignSelf": "center",
                      },
                      Object {
                        "flex": 0,
                        "height": 30,
                        "width": 30,
                      },
                    ]
                  }
                  vbHeight={24}
                  vbWidth={24}
                  width={30}
                >
                  <RNSVGGroup
                    fill={4289046469}
                    propList={
                      Array [
                        "fill",
                      ]
                    }
                  >
                    <RNSVGGroup>
                      <RNSVGGroup>
                        <RNSVGRect
                          height="24"
                          matrix={
                            Array [
                              -1,
                              1.2246467991473532e-16,
                              -1.2246467991473532e-16,
                              -1,
                              24,
                              24,
                            ]
                          }
                          opacity={0}
                          width="24"
                          x={0}
                          y={0}
                        />
                        <RNSVGPath
                          d="M13.41 12l4.3-4.29a1 1 0 1 0-1.42-1.42L12 10.59l-4.29-4.3a1 1 0 0 0-1.42 1.42l4.3 4.29-4.3 4.29a1 1 0 0 0 0 1.42 1 1 0 0 0 1.42 0l4.29-4.3 4.29 4.3a1 1 0 0 0 1.42 0 1 1 0 0 0 0-1.42z"
                        />
                      </RNSVGGroup>
                    </RNSVGGroup>
                  </RNSVGGroup>
                </RNSVGSvgView>
              </View>
              <Text
                style={
                  Array [
                    Object {
                      "paddingLeft": 9,
                    },
                    Object {
                      "alignSelf": "center",
                    },
                    Object {
                      "fontSize": 32,
                    },
                    Object {
                      "fontWeight": "bold",
                    },
                    Object {
                      "color": "#A5A7C5",
                      "fontFamily": "Open Sans",
                    },
                  ]
                }
              >
                modals.save-theme.cancel
              </Text>
            </View>
            <View
              accessible={true}
              focusable={true}
              onClick={[Function]}
              onResponderGrant={[Function]}
              onResponderMove={[Function]}
              onResponderRelease={[Function]}
              onResponderTerminate={[Function]}
              onResponderTerminationRequest={[Function]}
              onStartShouldSetResponder={[Function]}
              style={
                Object {
                  "alignItems": "center",
                  "backgroundColor": "#CED2FF",
                  "borderColor": "#CED2FF",
                  "borderRadius": 9,
                  "borderWidth": 2,
                  "flexDirection": "row",
                  "justifyContent": "center",
                  "marginBottom": 16,
                  "marginTop": 15,
                  "opacity": 1,
                  "paddingBottom": 9,
                  "paddingLeft": 9,
                  "paddingRight": 16,
                  "paddingTop": 9,
                  "width": 120,
                }
              }
            >
              <View
                style={
                  Object {
                    "transform": Array [
                      Object {
                        "scale": 1,
                      },
                    ],
                  }
                }
              >
                <RNSVGSvgView
                  align="xMidYMid"
                  bbHeight={30}
                  bbWidth={30}
                  fill="#525BEC"
                  focusable={false}
                  height={30}
                  meetOrSlice={0}
                  minX={0}
                  minY={0}
                  style={
                    Array [
                      Object {
                        "backgroundColor": "transparent",
                        "borderWidth": 0,
                      },
                      Object {
                        "alignSelf": "center",
                      },
                      Object {
                        "flex": 0,
                        "height": 30,
                        "width": 30,
                      },
                    ]
                  }
                  vbHeight={24}
                  vbWidth={24}
                  width={30}
                >
                  <RNSVGGroup
                    fill={4283587564}
                    propList={
                      Array [
                        "fill",
                      ]
                    }
                  >
                    <RNSVGGroup>
                      <RNSVGGroup>
                        <RNSVGRect
                          height="24"
                          opacity={0}
                          width="24"
                          x={0}
                          y={0}
                        />
                        <RNSVGPath
                          d="M9.86 18a1 1 0 0 1-.73-.32l-4.86-5.17a1 1 0 1 1 1.46-1.37l4.12 4.39 8.41-9.2a1 1 0 1 1 1.48 1.34l-9.14 10a1 1 0 0 1-.73.33z"
                        />
                      </RNSVGGroup>
                    </RNSVGGroup>
                  </RNSVGGroup>
                </RNSVGSvgView>
              </View>
              <Text
                style={
                  Array [
                    Object {
                      "paddingLeft": 9,
                    },
                    Object {
                      "alignSelf": "center",
                    },
                    Object {
                      "fontSize": 32,
                    },
                    Object {
                      "fontWeight": "bold",
                    },
                    Object {
                      "color": "#525BEC",
                    },
                  ]
                }
              >
                modals.save-theme.add
              </Text>
            </View>
          </View>
        </View>
      </View>
    </View>
  </View>
</RNCSafeAreaProvider>
`;
