// Jest Snapshot v1, https://goo.gl/fbAQLP

exports[`Settings.Home renders correctly 1`] = `
<RNCSafeAreaProvider
  onInsetsChange={[Function]}
  style={
    Array [
      Object {
        "flex": 1,
      },
      undefined,
    ]
  }
>
  <View
    style={
      Object {
        "flex": 1,
      }
    }
  >
    <View
      style={
        Object {
          "backgroundColor": "#EDEDED",
          "flex": 1,
          "paddingTop": 20,
        }
      }
    >
      <RCTScrollView
        bounces={false}
        contentContainerStyle={
          Object {
            "paddingBottom": 12,
          }
        }
        showsVerticalScrollIndicator={false}
      >
        <View>
          <View
            accessible={true}
            focusable={true}
            onClick={[Function]}
            onResponderGrant={[Function]}
            onResponderMove={[Function]}
            onResponderRelease={[Function]}
            onResponderTerminate={[Function]}
            onResponderTerminationRequest={[Function]}
            onStartShouldSetResponder={[Function]}
            style={
              Object {
                "backgroundColor": "#FFFFFF",
                "borderRadius": 16,
                "flex": 1,
                "marginHorizontal": 16,
                "opacity": 1,
                "padding": 16,
              }
            }
          >
            <View
              style={
                Object {
                  "alignItems": "center",
                  "flexDirection": "row",
                  "justifyContent": "space-between",
                }
              }
            >
              <View
                style={
                  Object {
                    "alignItems": "center",
                    "flexDirection": "row",
                  }
                }
              >
                <View
                  style={
                    Object {
                      "zIndex": -1,
                    }
                  }
                >
                  <View
                    style={
                      Array [
                        undefined,
                        Object {
                          "alignItems": "center",
                          "backgroundColor": "#FFFFFF",
                          "borderRadius": 25,
                          "height": 50,
                          "justifyContent": "center",
                          "width": 50,
                        },
                      ]
                    }
                  >
                    <View
                      style={
                        Object {
                          "alignItems": "center",
                          "justifyContent": "center",
                        }
                      }
                    >
                      <View
                        style={
                          Array [
                            undefined,
                            Object {
                              "alignItems": "center",
                              "backgroundColor": "#b8bd4a",
                              "borderRadius": 25,
                              "height": 50,
                              "justifyContent": "center",
                              "width": 50,
                            },
                          ]
                        }
                      >
                        <Text
                          adjustsFontSizeToFit={true}
                          style={
                            Array [
                              Object {
                                "fontSize": 30,
                              },
                              Object {
                                "color": "#383B62",
                                "fontFamily": "Open Sans",
                              },
                              Object {
                                "color": "#FFFFFF",
                                "fontSize": 25,
                                "includeFontPadding": false,
                                "paddingBottom": 2.5,
                                "textAlign": "center",
                              },
                            ]
                          }
                        >
                          ?
                        </Text>
                      </View>
                    </View>
                  </View>
                </View>
                <Text
                  ellipsizeMode="tail"
                  numberOfLines={2}
                  style={
                    Array [
                      Object {
                        "fontSize": 30,
                      },
                      Object {
                        "color": "#383B62",
                        "fontFamily": "Open Sans",
                      },
                      Array [
                        Object {
                          "paddingLeft": 16,
                        },
                        Object {
                          "fontFamily": "Bold Open Sans",
                        },
                        Object {
                          "flex": 1,
                        },
                      ],
                    ]
                  }
                >
                  
                </Text>
                <View
                  accessible={true}
                  focusable={true}
                  onClick={[Function]}
                  onResponderGrant={[Function]}
                  onResponderMove={[Function]}
                  onResponderRelease={[Function]}
                  onResponderTerminate={[Function]}
                  onResponderTerminationRequest={[Function]}
                  onStartShouldSetResponder={[Function]}
                  style={
                    Object {
                      "alignItems": "center",
                      "backgroundColor": "#EDEDED",
                      "borderRadius": 100,
                      "flexDirection": "row",
                      "justifyContent": "center",
                      "opacity": 1,
                      "padding": 8,
                    }
                  }
                >
                  <View
                    style={
                      Object {
                        "transform": Array [
                          Object {
                            "scale": 1,
                          },
                        ],
                      }
                    }
                  >
                    <AssetMock
                      color="#535AE4"
                      height={20}
                      style={Array []}
                      width={20}
                    />
                  </View>
                </View>
              </View>
            </View>
          </View>
          <View
            style={
              Array [
                Object {
                  "marginTop": 24,
                },
                Object {
                  "marginHorizontal": 16,
                },
                Object {
                  "backgroundColor": "white",
                  "borderRadius": 14,
                },
              ]
            }
          >
            <View
              accessible={true}
              focusable={true}
              onClick={[Function]}
              onResponderGrant={[Function]}
              onResponderMove={[Function]}
              onResponderRelease={[Function]}
              onResponderTerminate={[Function]}
              onResponderTerminationRequest={[Function]}
              onStartShouldSetResponder={[Function]}
              style={
                Object {
                  "alignItems": "center",
                  "flexDirection": "row",
                  "height": 48,
                  "justifyContent": "space-between",
                  "opacity": 1,
                  "padding": 12,
                }
              }
            >
              <View
                style={
                  Object {
                    "flexDirection": "row",
                  }
                }
              >
                <View
                  style={
                    Object {
                      "transform": Array [
                        Object {
                          "scale": 1,
                        },
                      ],
                    }
                  }
                >
                  <RNSVGMock
                    fill="#535AE4"
                    height={20}
                    viewBox="0 0 24 24"
                    width={20}
                  />
                </View>
                <View
                  style={
                    Object {
                      "width": "75%",
                    }
                  }
                >
                  <Text
                    numberOfLines={1}
                    style={
                      Array [
                        Object {
                          "fontSize": 30,
                        },
                        Object {
                          "color": "#383B62",
                          "fontFamily": "Open Sans",
                        },
                        Array [
                          Object {
                            "marginLeft": 9,
                          },
                        ],
                      ]
                    }
                  >
                    settings.home.proximity-button
                  </Text>
                </View>
              </View>
              <View
                accessible={true}
                focusable={true}
                onClick={[Function]}
                onResponderGrant={[Function]}
                onResponderMove={[Function]}
                onResponderRelease={[Function]}
                onResponderTerminate={[Function]}
                onResponderTerminationRequest={[Function]}
                onStartShouldSetResponder={[Function]}
                style={
                  Object {
                    "backgroundColor": "#EDF0F3",
                    "borderColor": "#535AE4",
                    "borderRadius": 30,
                    "borderWidth": 1,
                    "height": 27,
                    "opacity": 1,
                    "width": 50,
                  }
                }
              >
                <View
                  style={
                    Object {
                      "alignItems": "center",
                      "backgroundColor": "white",
                      "borderRadius": 30,
                      "height": 25,
                      "justifyContent": "center",
                      "left": 0,
                      "position": "absolute",
                      "width": 25,
                    }
                  }
                >
                  <View
                    style={
                      Object {
                        "opacity": 0,
                      }
                    }
                  >
                    <View
                      style={
                        Object {
                          "transform": Array [
                            Object {
                              "scale": 1,
                            },
                          ],
                        }
                      }
                    >
                      <RNSVGMock
                        fill="#535AE4"
                        height={18}
                        viewBox="0 0 24 24"
                        width={18}
                      />
                    </View>
                  </View>
                </View>
              </View>
            </View>
            <View
              style={
                Object {
                  "backgroundColor": "#EDF1F7",
                  "height": 1,
                }
              }
            />
            <View
              accessible={true}
              focusable={true}
              onClick={[Function]}
              onResponderGrant={[Function]}
              onResponderMove={[Function]}
              onResponderRelease={[Function]}
              onResponderTerminate={[Function]}
              onResponderTerminationRequest={[Function]}
              onStartShouldSetResponder={[Function]}
              style={
                Object {
                  "alignItems": "center",
                  "flexDirection": "row",
                  "height": 48,
                  "justifyContent": "space-between",
                  "opacity": 1,
                  "padding": 12,
                }
              }
            >
              <View
                style={
                  Object {
                    "flexDirection": "row",
                  }
                }
              >
                <View
                  style={
                    Object {
                      "transform": Array [
                        Object {
                          "scale": 1,
                        },
                      ],
                    }
                  }
                >
                  <RNSVGMock
                    fill="#535AE4"
                    height={20}
                    viewBox="0 0 24 24"
                    width={20}
                  />
                </View>
                <View
                  style={
                    Object {
                      "width": "75%",
                    }
                  }
                >
                  <Text
                    numberOfLines={1}
                    style={
                      Array [
                        Object {
                          "fontSize": 30,
                        },
                        Object {
                          "color": "#383B62",
                          "fontFamily": "Open Sans",
                        },
                        Array [
                          Object {
                            "marginLeft": 9,
                          },
                        ],
                      ]
                    }
                  >
                    settings.home.notifications-button
                  </Text>
                </View>
              </View>
              <View
                style={
                  Object {
                    "transform": Array [
                      Object {
                        "scale": 1,
                      },
                    ],
                  }
                }
              >
                <RNSVGMock
                  fill="#393C63"
                  height={20}
                  viewBox="0 0 24 24"
                  width={20}
                />
              </View>
            </View>
            <View
              style={
                Object {
                  "backgroundColor": "#EDF1F7",
                  "height": 1,
                }
              }
            />
          </View>
          <View
            style={
              Array [
                Object {
                  "marginTop": 24,
                },
                Object {
                  "marginHorizontal": 16,
                },
                Object {
                  "backgroundColor": "white",
                  "borderRadius": 14,
                },
              ]
            }
          >
            <View
              accessible={true}
              focusable={true}
              onClick={[Function]}
              onResponderGrant={[Function]}
              onResponderMove={[Function]}
              onResponderRelease={[Function]}
              onResponderTerminate={[Function]}
              onResponderTerminationRequest={[Function]}
              onStartShouldSetResponder={[Function]}
              style={
                Object {
                  "alignItems": "center",
                  "flexDirection": "row",
                  "height": 48,
                  "justifyContent": "space-between",
                  "opacity": 1,
                  "padding": 12,
                }
              }
            >
              <View
                style={
                  Object {
                    "flexDirection": "row",
                  }
                }
              >
                <View
                  style={
                    Object {
                      "transform": Array [
                        Object {
                          "scale": 1,
                        },
                      ],
                    }
                  }
                >
                  <RNSVGMock
                    fill="#535AE4"
                    height={20}
                    viewBox="0 0 24 24"
                    width={20}
                  />
                </View>
                <View
                  style={
                    Object {
                      "width": "75%",
                    }
                  }
                >
                  <Text
                    numberOfLines={1}
                    style={
                      Array [
                        Object {
                          "fontSize": 30,
                        },
                        Object {
                          "color": "#383B62",
                          "fontFamily": "Open Sans",
                        },
                        Array [
                          Object {
                            "marginLeft": 9,
                          },
                        ],
                      ]
                    }
                  >
                    settings.home.accounts-button
                  </Text>
                </View>
              </View>
              <View
                style={
                  Object {
                    "transform": Array [
                      Object {
                        "scale": 1,
                      },
                    ],
                  }
                }
              >
                <RNSVGMock
                  fill="#393C63"
                  height={20}
                  viewBox="0 0 24 24"
                  width={20}
                />
              </View>
            </View>
            <View
              style={
                Object {
                  "backgroundColor": "#EDF1F7",
                  "height": 1,
                }
              }
            />
            <View
              accessible={true}
              focusable={true}
              onClick={[Function]}
              onResponderGrant={[Function]}
              onResponderMove={[Function]}
              onResponderRelease={[Function]}
              onResponderTerminate={[Function]}
              onResponderTerminationRequest={[Function]}
              onStartShouldSetResponder={[Function]}
              style={
                Object {
                  "alignItems": "center",
                  "flexDirection": "row",
                  "height": 48,
                  "justifyContent": "space-between",
                  "opacity": 1,
                  "padding": 12,
                }
              }
            >
              <View
                style={
                  Object {
                    "flexDirection": "row",
                  }
                }
              >
                <View
                  style={
                    Object {
                      "transform": Array [
                        Object {
                          "scale": 1,
                        },
                      ],
                    }
                  }
                >
                  <RNSVGMock
                    fill="#535AE4"
                    height={20}
                    viewBox="0 0 24 24"
                    width={20}
                  />
                </View>
                <View
                  style={
                    Object {
                      "width": "75%",
                    }
                  }
                >
                  <Text
                    numberOfLines={1}
                    style={
                      Array [
                        Object {
                          "fontSize": 30,
                        },
                        Object {
                          "color": "#383B62",
                          "fontFamily": "Open Sans",
                        },
                        Array [
                          Object {
                            "marginLeft": 9,
                          },
                        ],
                      ]
                    }
                  >
                    settings.home.network-button
                  </Text>
                </View>
              </View>
              <View
                style={
                  Object {
                    "transform": Array [
                      Object {
                        "scale": 1,
                      },
                    ],
                  }
                }
              >
                <RNSVGMock
                  fill="#393C63"
                  height={20}
                  viewBox="0 0 24 24"
                  width={20}
                />
              </View>
            </View>
          </View>
          <View
            style={
              Array [
                Object {
                  "marginTop": 24,
                },
                Object {
                  "marginHorizontal": 16,
                },
                Object {
                  "backgroundColor": "white",
                  "borderRadius": 14,
                },
              ]
            }
          >
            <View
              style={
                Object {
                  "backgroundColor": "#EDF1F7",
                  "height": 1,
                }
              }
            />
            <View
              accessible={true}
              focusable={true}
              onClick={[Function]}
              onResponderGrant={[Function]}
              onResponderMove={[Function]}
              onResponderRelease={[Function]}
              onResponderTerminate={[Function]}
              onResponderTerminationRequest={[Function]}
              onStartShouldSetResponder={[Function]}
              style={
                Object {
                  "alignItems": "center",
                  "flexDirection": "row",
                  "height": 48,
                  "justifyContent": "space-between",
                  "opacity": 1,
                  "padding": 12,
                }
              }
            >
              <View
                style={
                  Object {
                    "flexDirection": "row",
                  }
                }
              >
                <View
                  style={
                    Object {
                      "transform": Array [
                        Object {
                          "scale": 1,
                        },
                      ],
                    }
                  }
                >
                  <RNSVGMock
                    fill="#535AE4"
                    height={20}
                    viewBox="0 0 24 24"
                    width={20}
                  />
                </View>
                <View
                  style={
                    Object {
                      "width": "75%",
                    }
                  }
                >
                  <Text
                    numberOfLines={1}
                    style={
                      Array [
                        Object {
                          "fontSize": 30,
                        },
                        Object {
                          "color": "#383B62",
                          "fontFamily": "Open Sans",
                        },
                        Array [
                          Object {
                            "marginLeft": 9,
                          },
                        ],
                      ]
                    }
                  >
                    settings.home.about-button
                  </Text>
                </View>
              </View>
              <View
                style={
                  Object {
                    "transform": Array [
                      Object {
                        "scale": 1,
                      },
                    ],
                  }
                }
              >
                <RNSVGMock
                  fill="#393C63"
                  height={20}
                  viewBox="0 0 24 24"
                  width={20}
                />
              </View>
            </View>
          </View>
        </View>
      </RCTScrollView>
    </View>
    <Modal
      animationType="slide"
      hardwareAccelerated={false}
      transparent={true}
      visible={false}
    >
      <View
        style={
          Object {
            "borderTopLeftRadius": 30,
            "borderTopRightRadius": 30,
            "flex": 1,
            "justifyContent": "flex-end",
            "left": 0,
            "paddingBottom": 0,
            "right": 0,
          }
        }
      >
        <View
          accessible={true}
          focusable={true}
          onClick={[Function]}
          onResponderGrant={[Function]}
          onResponderMove={[Function]}
          onResponderRelease={[Function]}
          onResponderTerminate={[Function]}
          onResponderTerminationRequest={[Function]}
          onStartShouldSetResponder={[Function]}
          style={
            Object {
              "elevation": 6,
              "flex": 1,
              "opacity": 1,
              "zIndex": 6,
            }
          }
        />
        <View
          onLayout={[Function]}
          style={
            Object {
              "paddingBottom": 0,
            }
          }
        >
          <View
            style={
              Object {
                "backgroundColor": "#FFFFFF",
                "paddingBottom": 30,
              }
            }
          >
            <View
              style={
                Array [
                  Object {
                    "paddingHorizontal": 32,
                  },
                  Object {
                    "marginTop": 9,
                  },
                ]
              }
            >
              <Text
                style={
                  Array [
                    Object {
                      "fontSize": 30,
                    },
                    Object {
                      "color": "#383B62",
                      "fontFamily": "Open Sans",
                    },
                    Array [
                      Object {
                        "margin": 9,
                      },
                      Object {
                        "marginBottom": 16,
                      },
                      Object {
                        "fontSize": 52,
                      },
                      Object {
                        "fontFamily": "Bold Open Sans",
                      },
                    ],
                  ]
                }
              >
                settings.edit-profile.title
              </Text>
              <View
                style={
                  Array [
                    Object {
                      "alignItems": "center",
                      "flexDirection": "row",
                    },
                  ]
                }
              >
                <View
                  style={
                    Array [
                      Object {
                        "flex": 1,
                      },
                      Object {
                        "marginLeft": 16,
                      },
                      Object {
                        "marginBottom": 9,
                      },
                    ]
                  }
                >
                  <View
                    accessible={true}
                    focusable={true}
                    onClick={[Function]}
                    onResponderGrant={[Function]}
                    onResponderMove={[Function]}
                    onResponderRelease={[Function]}
                    onResponderTerminate={[Function]}
                    onResponderTerminationRequest={[Function]}
                    onStartShouldSetResponder={[Function]}
                    style={
                      Object {
                        "backgroundColor": "#F7F8FE",
                        "borderRadius": 8,
                        "height": 36,
                        "opacity": 1,
                        "paddingHorizontal": 12,
                      }
                    }
                  >
                    <TextInput
                      allowFontScaling={true}
                      onChangeText={[Function]}
                      placeholder="settings.edit-profile.name-input-placeholder"
                      placeholderTextColor="#D0D0D6"
                      rejectResponderTermination={true}
                      style={
                        Array [
                          Object {
                            "fontSize": 30,
                          },
                          Object {
                            "color": "#393C63",
                            "flex": 1,
                            "fontFamily": "Open Sans",
                          },
                        ]
                      }
                      underlineColorAndroid="transparent"
                    />
                  </View>
                </View>
              </View>
              <View
                style={
                  Array [
                    Object {
                      "paddingHorizontal": 16,
                    },
                    Object {
                      "marginBottom": 35,
                    },
                  ]
                }
              >
                <View
                  style={
                    Array [
                      Object {
                        "paddingTop": 9,
                      },
                      Object {
                        "alignItems": "stretch",
                        "flexDirection": "row",
                        "justifyContent": "flex-start",
                      },
                    ]
                  }
                >
                  <View
                    style={
                      Object {
                        "transform": Array [
                          Object {
                            "scale": 1,
                          },
                        ],
                      }
                    }
                  >
                    <RNSVGMock
                      fill="#535AE4"
                      height={20}
                      viewBox="0 0 24 24"
                      width={20}
                    />
                  </View>
                  <Text
                    style={
                      Array [
                        Object {
                          "fontSize": 30,
                        },
                        Object {
                          "color": "#383B62",
                          "fontFamily": "Open Sans",
                        },
                        Array [
                          Object {
                            "marginLeft": 16,
                          },
                          Object {
                            "fontSize": 22,
                          },
                          Object {
                            "color": "#979797",
                          },
                        ],
                      ]
                    }
                  >
                    settings.edit-profile.qr-will-update
                  </Text>
                </View>
                <View
                  style={
                    Array [
                      Object {
                        "paddingTop": 9,
                      },
                      Object {
                        "alignItems": "stretch",
                        "flexDirection": "row",
                        "justifyContent": "flex-start",
                      },
                    ]
                  }
                >
                  <View
                    style={
                      Object {
                        "transform": Array [
                          Object {
                            "scale": 1,
                          },
                        ],
                      }
                    }
                  >
                    <RNSVGMock
                      fill="#F64278"
                      height={20}
                      viewBox="0 0 24 24"
                      width={20}
                    />
                  </View>
                  <Text
                    style={
                      Array [
                        Object {
                          "fontSize": 30,
                        },
                        Object {
                          "color": "#383B62",
                          "fontFamily": "Open Sans",
                        },
                        Array [
                          Object {
                            "marginLeft": 16,
                          },
                          Object {
                            "fontSize": 22,
                          },
                          Object {
                            "color": "#979797",
                          },
                        ],
                      ]
                    }
                  >
                    settings.edit-profile.ocr-wont-update
                  </Text>
                </View>
              </View>
              <View
                accessible={true}
                focusable={true}
                onClick={[Function]}
                onResponderGrant={[Function]}
                onResponderMove={[Function]}
                onResponderRelease={[Function]}
                onResponderTerminate={[Function]}
                onResponderTerminationRequest={[Function]}
                onStartShouldSetResponder={[Function]}
                style={
                  Object {
                    "alignItems": "center",
                    "backgroundColor": "#EAEAFB",
                    "borderRadius": 8,
                    "flexDirection": "row",
                    "height": 44,
                    "justifyContent": "center",
                    "opacity": 1,
                  }
                }
              >
                <Text
                  style={
                    Array [
                      Object {
                        "fontSize": 30,
                      },
                      Object {
                        "color": "#383B62",
                        "fontFamily": "Open Sans",
                      },
                      Array [
                        Object {
                          "textTransform": "uppercase",
                        },
                        Object {
                          "color": "#535AE4",
                        },
                        Object {
                          "fontFamily": "Bold Open Sans",
                        },
                      ],
                    ]
                  }
                >
                  settings.edit-profile.cancel
                </Text>
              </View>
            </View>
          </View>
        </View>
      </View>
    </Modal>
  </View>
</RNCSafeAreaProvider>
`;
